[INFO] Scanning for projects...
[INFO] 
[INFO] -----------------< com.example:SelfOrderingRestaurant >-----------------
[INFO] Building SelfOrderingRestaurant 0.0.1-SNAPSHOT
[INFO]   from pom.xml
[INFO] --------------------------------[ jar ]---------------------------------
[INFO] 
[INFO] --- clean:3.4.1:clean (default-clean) @ SelfOrderingRestaurant ---
[INFO] Deleting D:\UTC2\SelfOrderingRestaurant\target
[INFO] 
[INFO] --- resources:3.3.1:resources (default-resources) @ SelfOrderingRestaurant ---
[INFO] Copying 1 resource from src\main\resources to target\classes
[INFO] Copying 14 resources from src\main\resources to target\classes
[INFO] 
[INFO] --- compiler:3.13.0:compile (default-compile) @ SelfOrderingRestaurant ---
[INFO] Recompiling the module because of changed source code.
[INFO] Compiling 219 source files with javac [debug parameters release 21] to target\classes
[INFO] /D:/UTC2/SelfOrderingRestaurant/src/main/java/com/example/SelfOrderingRestaurant/Service/RevenueService.java: D:\UTC2\SelfOrderingRestaurant\src\main\java\com\example\SelfOrderingRestaurant\Service\RevenueService.java uses or overrides a deprecated API.
[INFO] /D:/UTC2/SelfOrderingRestaurant/src/main/java/com/example/SelfOrderingRestaurant/Service/RevenueService.java: Recompile with -Xlint:deprecation for details.
[INFO] /D:/UTC2/SelfOrderingRestaurant/src/main/java/com/example/SelfOrderingRestaurant/Service/JwtTokenService.java: Some input files use unchecked or unsafe operations.
[INFO] /D:/UTC2/SelfOrderingRestaurant/src/main/java/com/example/SelfOrderingRestaurant/Service/JwtTokenService.java: Recompile with -Xlint:unchecked for details.
[INFO] Some messages have been simplified; recompile with -Xdiags:verbose to get full output
[INFO] -------------------------------------------------------------
[ERROR] COMPILATION ERROR : 
[INFO] -------------------------------------------------------------
[ERROR] /D:/UTC2/SelfOrderingRestaurant/src/main/java/com/example/SelfOrderingRestaurant/Controller/AdminController.java:[18,71] cannot find symbol
  symbol:   class AuthResponseDto
  location: class com.example.SelfOrderingRestaurant.Dto.Response.UserResponseDTO
[ERROR] /D:/UTC2/SelfOrderingRestaurant/src/main/java/com/example/SelfOrderingRestaurant/Dto/Response/UserResponseDTO.java:[17,8] class com.example.SelfOrderingRestaurant.Dto.Response.UserResponseDTO clashes with package of same name
[ERROR] /D:/UTC2/SelfOrderingRestaurant/src/main/java/com/example/SelfOrderingRestaurant/Service/AuthService.java:[5,71] cannot find symbol
  symbol:   class AuthResponseDto
  location: class com.example.SelfOrderingRestaurant.Dto.Response.UserResponseDTO
[ERROR] /D:/UTC2/SelfOrderingRestaurant/src/main/java/com/example/SelfOrderingRestaurant/Service/AuthService.java:[59,12] cannot find symbol
  symbol:   class AuthResponseDto
  location: class com.example.SelfOrderingRestaurant.Service.AuthService
[ERROR] /D:/UTC2/SelfOrderingRestaurant/src/main/java/com/example/SelfOrderingRestaurant/Service/AuthService.java:[131,12] cannot find symbol
  symbol:   class AuthResponseDto
  location: class com.example.SelfOrderingRestaurant.Service.AuthService
[ERROR] /D:/UTC2/SelfOrderingRestaurant/src/main/java/com/example/SelfOrderingRestaurant/Service/AuthService.java:[205,12] cannot find symbol
  symbol:   class AuthResponseDto
  location: class com.example.SelfOrderingRestaurant.Service.AuthService
[ERROR] /D:/UTC2/SelfOrderingRestaurant/src/main/java/com/example/SelfOrderingRestaurant/Service/AuthService.java:[264,12] cannot find symbol
  symbol:   class AuthResponseDto
  location: class com.example.SelfOrderingRestaurant.Service.AuthService
[ERROR] /D:/UTC2/SelfOrderingRestaurant/src/main/java/com/example/SelfOrderingRestaurant/Service/AuthService.java:[313,12] cannot find symbol
  symbol:   class AuthResponseDto
  location: class com.example.SelfOrderingRestaurant.Service.AuthService
[ERROR] /D:/UTC2/SelfOrderingRestaurant/src/main/java/com/example/SelfOrderingRestaurant/Service/AuthService.java:[394,12] cannot find symbol
  symbol:   class AuthResponseDto
  location: class com.example.SelfOrderingRestaurant.Service.AuthService
[ERROR] /D:/UTC2/SelfOrderingRestaurant/src/main/java/com/example/SelfOrderingRestaurant/Controller/AuthController.java:[5,71] cannot find symbol
  symbol:   class AuthResponseDto
  location: class com.example.SelfOrderingRestaurant.Dto.Response.UserResponseDTO
[ERROR] /D:/UTC2/SelfOrderingRestaurant/src/main/java/com/example/SelfOrderingRestaurant/Controller/AuthController.java:[24,27] cannot find symbol
  symbol:   class AuthResponseDto
  location: class com.example.SelfOrderingRestaurant.Controller.AuthController
[ERROR] /D:/UTC2/SelfOrderingRestaurant/src/main/java/com/example/SelfOrderingRestaurant/Controller/AuthController.java:[31,27] cannot find symbol
  symbol:   class AuthResponseDto
  location: class com.example.SelfOrderingRestaurant.Controller.AuthController
[ERROR] /D:/UTC2/SelfOrderingRestaurant/src/main/java/com/example/SelfOrderingRestaurant/Controller/AuthController.java:[46,27] cannot find symbol
  symbol:   class AuthResponseDto
  location: class com.example.SelfOrderingRestaurant.Controller.AuthController
[ERROR] /D:/UTC2/SelfOrderingRestaurant/src/main/java/com/example/SelfOrderingRestaurant/Controller/AuthController.java:[53,27] cannot find symbol
  symbol:   class AuthResponseDto
  location: class com.example.SelfOrderingRestaurant.Controller.AuthController
[ERROR] /D:/UTC2/SelfOrderingRestaurant/src/main/java/com/example/SelfOrderingRestaurant/Controller/AuthController.java:[70,27] cannot find symbol
  symbol:   class AuthResponseDto
  location: class com.example.SelfOrderingRestaurant.Controller.AuthController
[ERROR] /D:/UTC2/SelfOrderingRestaurant/src/main/java/com/example/SelfOrderingRestaurant/Dto/Response/UserResponseDTO/AuthResponseDto.java:[1,1] package com.example.SelfOrderingRestaurant.Dto.Response.UserResponseDTO clashes with class of same name
[ERROR] /D:/UTC2/SelfOrderingRestaurant/src/main/java/com/example/SelfOrderingRestaurant/Config/DatabaseSeeder.java:[49,22] cannot find symbol
  symbol:   method setTableNumber(int)
  location: variable table of type com.example.SelfOrderingRestaurant.Entity.DinningTable
[ERROR] /D:/UTC2/SelfOrderingRestaurant/src/main/java/com/example/SelfOrderingRestaurant/Config/DatabaseSeeder.java:[50,22] cannot find symbol
  symbol:   method setCapacity(int)
  location: variable table of type com.example.SelfOrderingRestaurant.Entity.DinningTable
[ERROR] /D:/UTC2/SelfOrderingRestaurant/src/main/java/com/example/SelfOrderingRestaurant/Config/DatabaseSeeder.java:[51,22] cannot find symbol
  symbol:   method setLocation(java.lang.String)
  location: variable table of type com.example.SelfOrderingRestaurant.Entity.DinningTable
[ERROR] /D:/UTC2/SelfOrderingRestaurant/src/main/java/com/example/SelfOrderingRestaurant/Config/DatabaseSeeder.java:[52,22] cannot find symbol
  symbol:   method setTableStatus(com.example.SelfOrderingRestaurant.Enum.TableStatus)
  location: variable table of type com.example.SelfOrderingRestaurant.Entity.DinningTable
[ERROR] /D:/UTC2/SelfOrderingRestaurant/src/main/java/com/example/SelfOrderingRestaurant/Config/DatabaseSeeder.java:[62,23] cannot find symbol
  symbol:   method setName(java.lang.String)
  location: variable mainCourse of type com.example.SelfOrderingRestaurant.Entity.Category
[ERROR] /D:/UTC2/SelfOrderingRestaurant/src/main/java/com/example/SelfOrderingRestaurant/Config/DatabaseSeeder.java:[63,23] cannot find symbol
  symbol:   method setDescription(java.lang.String)
  location: variable mainCourse of type com.example.SelfOrderingRestaurant.Entity.Category
[ERROR] /D:/UTC2/SelfOrderingRestaurant/src/main/java/com/example/SelfOrderingRestaurant/Config/DatabaseSeeder.java:[64,23] cannot find symbol
  symbol:   method setStatus(com.example.SelfOrderingRestaurant.Enum.CategoryStatus)
  location: variable mainCourse of type com.example.SelfOrderingRestaurant.Entity.Category
[ERROR] /D:/UTC2/SelfOrderingRestaurant/src/main/java/com/example/SelfOrderingRestaurant/Config/DatabaseSeeder.java:[68,18] cannot find symbol
  symbol:   method setName(java.lang.String)
  location: variable drink of type com.example.SelfOrderingRestaurant.Entity.Category
[ERROR] /D:/UTC2/SelfOrderingRestaurant/src/main/java/com/example/SelfOrderingRestaurant/Config/DatabaseSeeder.java:[69,18] cannot find symbol
  symbol:   method setDescription(java.lang.String)
  location: variable drink of type com.example.SelfOrderingRestaurant.Entity.Category
[ERROR] /D:/UTC2/SelfOrderingRestaurant/src/main/java/com/example/SelfOrderingRestaurant/Config/DatabaseSeeder.java:[70,18] cannot find symbol
  symbol:   method setStatus(com.example.SelfOrderingRestaurant.Enum.CategoryStatus)
  location: variable drink of type com.example.SelfOrderingRestaurant.Entity.Category
[ERROR] /D:/UTC2/SelfOrderingRestaurant/src/main/java/com/example/SelfOrderingRestaurant/Config/DatabaseSeeder.java:[74,18] cannot find symbol
  symbol:   method setName(java.lang.String)
  location: variable dish1 of type com.example.SelfOrderingRestaurant.Entity.Dish
[ERROR] /D:/UTC2/SelfOrderingRestaurant/src/main/java/com/example/SelfOrderingRestaurant/Config/DatabaseSeeder.java:[75,18] cannot find symbol
  symbol:   method setPrice(java.math.BigDecimal)
  location: variable dish1 of type com.example.SelfOrderingRestaurant.Entity.Dish
[ERROR] /D:/UTC2/SelfOrderingRestaurant/src/main/java/com/example/SelfOrderingRestaurant/Config/DatabaseSeeder.java:[76,18] cannot find symbol
  symbol:   method setCategory(com.example.SelfOrderingRestaurant.Entity.Category)
  location: variable dish1 of type com.example.SelfOrderingRestaurant.Entity.Dish
[ERROR] /D:/UTC2/SelfOrderingRestaurant/src/main/java/com/example/SelfOrderingRestaurant/Config/DatabaseSeeder.java:[77,18] cannot find symbol
  symbol:   method setStatus(com.example.SelfOrderingRestaurant.Enum.DishStatus)
  location: variable dish1 of type com.example.SelfOrderingRestaurant.Entity.Dish
[ERROR] /D:/UTC2/SelfOrderingRestaurant/src/main/java/com/example/SelfOrderingRestaurant/Config/DatabaseSeeder.java:[78,18] cannot find symbol
  symbol:   method setDescription(java.lang.String)
  location: variable dish1 of type com.example.SelfOrderingRestaurant.Entity.Dish
[ERROR] /D:/UTC2/SelfOrderingRestaurant/src/main/java/com/example/SelfOrderingRestaurant/Config/DatabaseSeeder.java:[82,18] cannot find symbol
  symbol:   method setName(java.lang.String)
  location: variable dish2 of type com.example.SelfOrderingRestaurant.Entity.Dish
[ERROR] /D:/UTC2/SelfOrderingRestaurant/src/main/java/com/example/SelfOrderingRestaurant/Config/DatabaseSeeder.java:[83,18] cannot find symbol
  symbol:   method setPrice(java.math.BigDecimal)
  location: variable dish2 of type com.example.SelfOrderingRestaurant.Entity.Dish
[ERROR] /D:/UTC2/SelfOrderingRestaurant/src/main/java/com/example/SelfOrderingRestaurant/Config/DatabaseSeeder.java:[84,18] cannot find symbol
  symbol:   method setCategory(com.example.SelfOrderingRestaurant.Entity.Category)
  location: variable dish2 of type com.example.SelfOrderingRestaurant.Entity.Dish
[ERROR] /D:/UTC2/SelfOrderingRestaurant/src/main/java/com/example/SelfOrderingRestaurant/Config/DatabaseSeeder.java:[85,18] cannot find symbol
  symbol:   method setStatus(com.example.SelfOrderingRestaurant.Enum.DishStatus)
  location: variable dish2 of type com.example.SelfOrderingRestaurant.Entity.Dish
[ERROR] /D:/UTC2/SelfOrderingRestaurant/src/main/java/com/example/SelfOrderingRestaurant/Config/DatabaseSeeder.java:[86,18] cannot find symbol
  symbol:   method setDescription(java.lang.String)
  location: variable dish2 of type com.example.SelfOrderingRestaurant.Entity.Dish
[ERROR] /D:/UTC2/SelfOrderingRestaurant/src/main/java/com/example/SelfOrderingRestaurant/Config/DatabaseSeeder.java:[96,22] cannot find symbol
  symbol:   method setName(java.lang.String)
  location: variable supplier1 of type com.example.SelfOrderingRestaurant.Entity.Supplier
[ERROR] /D:/UTC2/SelfOrderingRestaurant/src/main/java/com/example/SelfOrderingRestaurant/Config/DatabaseSeeder.java:[97,22] cannot find symbol
  symbol:   method setPhone(java.lang.String)
  location: variable supplier1 of type com.example.SelfOrderingRestaurant.Entity.Supplier
[ERROR] /D:/UTC2/SelfOrderingRestaurant/src/main/java/com/example/SelfOrderingRestaurant/Config/DatabaseSeeder.java:[98,22] cannot find symbol
  symbol:   method setEmail(java.lang.String)
  location: variable supplier1 of type com.example.SelfOrderingRestaurant.Entity.Supplier
[ERROR] /D:/UTC2/SelfOrderingRestaurant/src/main/java/com/example/SelfOrderingRestaurant/Config/DatabaseSeeder.java:[99,22] cannot find symbol
  symbol:   method setAddress(java.lang.String)
  location: variable supplier1 of type com.example.SelfOrderingRestaurant.Entity.Supplier
[ERROR] /D:/UTC2/SelfOrderingRestaurant/src/main/java/com/example/SelfOrderingRestaurant/Config/DatabaseSeeder.java:[103,17] cannot find symbol
  symbol:   method setName(java.lang.String)
  location: variable ing1 of type com.example.SelfOrderingRestaurant.Entity.Ingredient
[ERROR] /D:/UTC2/SelfOrderingRestaurant/src/main/java/com/example/SelfOrderingRestaurant/Config/DatabaseSeeder.java:[104,17] cannot find symbol
  symbol:   method setUnit(java.lang.String)
  location: variable ing1 of type com.example.SelfOrderingRestaurant.Entity.Ingredient
[ERROR] /D:/UTC2/SelfOrderingRestaurant/src/main/java/com/example/SelfOrderingRestaurant/Config/DatabaseSeeder.java:[105,17] cannot find symbol
  symbol:   method setSupplier(com.example.SelfOrderingRestaurant.Entity.Supplier)
  location: variable ing1 of type com.example.SelfOrderingRestaurant.Entity.Ingredient
[ERROR] /D:/UTC2/SelfOrderingRestaurant/src/main/java/com/example/SelfOrderingRestaurant/Config/DatabaseSeeder.java:[106,17] cannot find symbol
  symbol:   method setStatus(com.example.SelfOrderingRestaurant.Enum.IngredientStatus)
  location: variable ing1 of type com.example.SelfOrderingRestaurant.Entity.Ingredient
[ERROR] /D:/UTC2/SelfOrderingRestaurant/src/main/java/com/example/SelfOrderingRestaurant/Config/DatabaseSeeder.java:[107,17] cannot find symbol
  symbol:   method setCostPerUnit(java.math.BigDecimal)
  location: variable ing1 of type com.example.SelfOrderingRestaurant.Entity.Ingredient
[ERROR] /D:/UTC2/SelfOrderingRestaurant/src/main/java/com/example/SelfOrderingRestaurant/Config/DatabaseSeeder.java:[111,17] cannot find symbol
  symbol:   method setIngredient(com.example.SelfOrderingRestaurant.Entity.Ingredient)
  location: variable inv1 of type com.example.SelfOrderingRestaurant.Entity.Inventory
[ERROR] /D:/UTC2/SelfOrderingRestaurant/src/main/java/com/example/SelfOrderingRestaurant/Config/DatabaseSeeder.java:[112,17] cannot find symbol
  symbol:   method setQuantity(double)
  location: variable inv1 of type com.example.SelfOrderingRestaurant.Entity.Inventory
[ERROR] /D:/UTC2/SelfOrderingRestaurant/src/main/java/com/example/SelfOrderingRestaurant/Config/DatabaseSeeder.java:[113,17] cannot find symbol
  symbol:   method setUnit(java.lang.String)
  location: variable inv1 of type com.example.SelfOrderingRestaurant.Entity.Inventory
[ERROR] /D:/UTC2/SelfOrderingRestaurant/src/main/java/com/example/SelfOrderingRestaurant/Config/DatabaseSeeder.java:[114,17] cannot find symbol
  symbol:   method setLastUpdated(java.util.Date)
  location: variable inv1 of type com.example.SelfOrderingRestaurant.Entity.Inventory
[ERROR] /D:/UTC2/SelfOrderingRestaurant/src/main/java/com/example/SelfOrderingRestaurant/Config/SecurityConfig.java:[129,16] constructor CustomUserDetailsService in class com.example.SelfOrderingRestaurant.Security.CustomUserDetailsService cannot be applied to given types;
  required: no arguments
  found:    com.example.SelfOrderingRestaurant.Repository.UserRepository
  reason: actual and formal argument lists differ in length
[ERROR] /D:/UTC2/SelfOrderingRestaurant/src/main/java/com/example/SelfOrderingRestaurant/Service/JwtTokenService.java:[33,34] cannot find symbol
  symbol:   method getUserId()
  location: variable user of type com.example.SelfOrderingRestaurant.Entity.User
[ERROR] /D:/UTC2/SelfOrderingRestaurant/src/main/java/com/example/SelfOrderingRestaurant/Service/JwtTokenService.java:[34,36] cannot find symbol
  symbol:   method getUsername()
  location: variable user of type com.example.SelfOrderingRestaurant.Entity.User
[ERROR] /D:/UTC2/SelfOrderingRestaurant/src/main/java/com/example/SelfOrderingRestaurant/Service/JwtTokenService.java:[35,33] cannot find symbol
  symbol:   method getEmail()
  location: variable user of type com.example.SelfOrderingRestaurant.Entity.User
[ERROR] /D:/UTC2/SelfOrderingRestaurant/src/main/java/com/example/SelfOrderingRestaurant/Service/JwtTokenService.java:[36,36] cannot find symbol
  symbol:   method getUserType()
  location: variable user of type com.example.SelfOrderingRestaurant.Entity.User
[ERROR] /D:/UTC2/SelfOrderingRestaurant/src/main/java/com/example/SelfOrderingRestaurant/Service/JwtTokenService.java:[37,51] cannot find symbol
  symbol:   method getUserType()
  location: variable user of type com.example.SelfOrderingRestaurant.Entity.User
[ERROR] /D:/UTC2/SelfOrderingRestaurant/src/main/java/com/example/SelfOrderingRestaurant/Service/JwtTokenService.java:[39,78] cannot find symbol
  symbol:   method getUserType()
  location: variable user of type com.example.SelfOrderingRestaurant.Entity.User
[ERROR] /D:/UTC2/SelfOrderingRestaurant/src/main/java/com/example/SelfOrderingRestaurant/Service/JwtTokenService.java:[41,40] cannot find symbol
  symbol:   method getUsername()
  location: variable user of type com.example.SelfOrderingRestaurant.Entity.User
[ERROR] /D:/UTC2/SelfOrderingRestaurant/src/main/java/com/example/SelfOrderingRestaurant/Service/JwtTokenService.java:[48,34] cannot find symbol
  symbol:   method getUserId()
  location: variable user of type com.example.SelfOrderingRestaurant.Entity.User
[ERROR] /D:/UTC2/SelfOrderingRestaurant/src/main/java/com/example/SelfOrderingRestaurant/Service/JwtTokenService.java:[49,36] cannot find symbol
  symbol:   method getUsername()
  location: variable user of type com.example.SelfOrderingRestaurant.Entity.User
[ERROR] /D:/UTC2/SelfOrderingRestaurant/src/main/java/com/example/SelfOrderingRestaurant/Service/JwtTokenService.java:[51,40] cannot find symbol
  symbol:   method getUsername()
  location: variable user of type com.example.SelfOrderingRestaurant.Entity.User
[ERROR] /D:/UTC2/SelfOrderingRestaurant/src/main/java/com/example/SelfOrderingRestaurant/Service/JwtTokenService.java:[105,37] cannot find symbol
  symbol:   method getUsername()
  location: variable user of type com.example.SelfOrderingRestaurant.Entity.User
[ERROR] /D:/UTC2/SelfOrderingRestaurant/src/main/java/com/example/SelfOrderingRestaurant/Service/JwtTokenService.java:[111,37] cannot find symbol
  symbol:   method getUsername()
  location: variable user of type com.example.SelfOrderingRestaurant.Entity.User
[ERROR] /D:/UTC2/SelfOrderingRestaurant/src/main/java/com/example/SelfOrderingRestaurant/Security/CustomUserDetailsService.java:[29,17] cannot find symbol
  symbol:   method getUserStatus()
  location: variable user of type com.example.SelfOrderingRestaurant.Entity.User
[ERROR] /D:/UTC2/SelfOrderingRestaurant/src/main/java/com/example/SelfOrderingRestaurant/Security/CustomUserDetailsService.java:[34,21] cannot find symbol
  symbol:   method getUsername()
  location: variable user of type com.example.SelfOrderingRestaurant.Entity.User
[ERROR] /D:/UTC2/SelfOrderingRestaurant/src/main/java/com/example/SelfOrderingRestaurant/Security/CustomUserDetailsService.java:[35,21] cannot find symbol
  symbol:   method getPassword()
  location: variable user of type com.example.SelfOrderingRestaurant.Entity.User
[ERROR] /D:/UTC2/SelfOrderingRestaurant/src/main/java/com/example/SelfOrderingRestaurant/Controller/AdminController.java:[73,70] cannot find symbol
  symbol:   method getTableNumber()
  location: variable request of type @jakarta.validation.Valid com.example.SelfOrderingRestaurant.Dto.Request.DinningTableRequestDTO.CreateTableRequestDTO
[ERROR] /D:/UTC2/SelfOrderingRestaurant/src/main/java/com/example/SelfOrderingRestaurant/Controller/AdminController.java:[111,78] cannot find symbol
  symbol:   method getStatus()
  location: variable dinningTableRequestDTO of type com.example.SelfOrderingRestaurant.Dto.Request.DinningTableRequestDTO.DinningTableRequestDTO
[ERROR] /D:/UTC2/SelfOrderingRestaurant/src/main/java/com/example/SelfOrderingRestaurant/Controller/AdminController.java:[121,61] cannot find symbol
  symbol:   method getUsername()
  location: variable request of type com.example.SelfOrderingRestaurant.Dto.Request.UserRequestDTO.RegisterRequestDto
[ERROR] /D:/UTC2/SelfOrderingRestaurant/src/main/java/com/example/SelfOrderingRestaurant/Controller/AdminController.java:[122,13] cannot find symbol
  symbol:   class AuthResponseDto
  location: class com.example.SelfOrderingRestaurant.Controller.AdminController
[ERROR] /D:/UTC2/SelfOrderingRestaurant/src/main/java/com/example/SelfOrderingRestaurant/Controller/AdminController.java:[151,34] cannot find symbol
  symbol:   method getTotalWorkingHours()
  location: variable staff of type com.example.SelfOrderingRestaurant.Entity.Staff
[ERROR] /D:/UTC2/SelfOrderingRestaurant/src/main/java/com/example/SelfOrderingRestaurant/Controller/AdminController.java:[150,34] cannot find symbol
  symbol:   method getSalary()
  location: variable staff of type com.example.SelfOrderingRestaurant.Entity.Staff
[ERROR] /D:/UTC2/SelfOrderingRestaurant/src/main/java/com/example/SelfOrderingRestaurant/Controller/AdminController.java:[149,34] cannot find symbol
  symbol:   method getUser()
  location: variable staff of type com.example.SelfOrderingRestaurant.Entity.Staff
[ERROR] /D:/UTC2/SelfOrderingRestaurant/src/main/java/com/example/SelfOrderingRestaurant/Controller/AdminController.java:[148,34] cannot find symbol
  symbol:   method getUser()
  location: variable staff of type com.example.SelfOrderingRestaurant.Entity.Staff
[ERROR] /D:/UTC2/SelfOrderingRestaurant/src/main/java/com/example/SelfOrderingRestaurant/Controller/AdminController.java:[147,34] cannot find symbol
  symbol:   method getPosition()
  location: variable staff of type com.example.SelfOrderingRestaurant.Entity.Staff
[ERROR] /D:/UTC2/SelfOrderingRestaurant/src/main/java/com/example/SelfOrderingRestaurant/Controller/AdminController.java:[146,34] cannot find symbol
  symbol:   method getStatus()
  location: variable staff of type com.example.SelfOrderingRestaurant.Entity.Staff
[ERROR] /D:/UTC2/SelfOrderingRestaurant/src/main/java/com/example/SelfOrderingRestaurant/Controller/AdminController.java:[145,34] cannot find symbol
  symbol:   method getPosition()
  location: variable staff of type com.example.SelfOrderingRestaurant.Entity.Staff
[ERROR] /D:/UTC2/SelfOrderingRestaurant/src/main/java/com/example/SelfOrderingRestaurant/Controller/AdminController.java:[144,34] cannot find symbol
  symbol:   method getFullname()
  location: variable staff of type com.example.SelfOrderingRestaurant.Entity.Staff
[ERROR] /D:/UTC2/SelfOrderingRestaurant/src/main/java/com/example/SelfOrderingRestaurant/Controller/AdminController.java:[143,34] cannot find symbol
  symbol:   method getStaffId()
  location: variable staff of type com.example.SelfOrderingRestaurant.Entity.Staff
[ERROR] /D:/UTC2/SelfOrderingRestaurant/src/main/java/com/example/SelfOrderingRestaurant/Controller/AdminController.java:[153,29] incompatible types: inference variable T has incompatible bounds
    equality constraints: com.example.SelfOrderingRestaurant.Dto.Response.StaffResponseDTO.GetAllStaffResponseDTO
    lower bounds: java.lang.Object
[ERROR] /D:/UTC2/SelfOrderingRestaurant/src/main/java/com/example/SelfOrderingRestaurant/Controller/AdminController.java:[241,66] cannot find symbol
  symbol:   method getName()
  location: variable shiftRequestDTO of type com.example.SelfOrderingRestaurant.Dto.Request.ShiftRequestDTO.ShiftRequestDTO
[ERROR] /D:/UTC2/SelfOrderingRestaurant/src/main/java/com/example/SelfOrderingRestaurant/Controller/AdminController.java:[283,50] cannot find symbol
  symbol:   method getShift()
  location: variable staffShift of type com.example.SelfOrderingRestaurant.Entity.StaffShift
[ERROR] /D:/UTC2/SelfOrderingRestaurant/src/main/java/com/example/SelfOrderingRestaurant/Controller/AdminController.java:[284,29] incompatible types: inference variable T has incompatible bounds
    equality constraints: java.lang.Integer
    lower bounds: java.lang.Object
[ERROR] /D:/UTC2/SelfOrderingRestaurant/src/main/java/com/example/SelfOrderingRestaurant/Controller/AdminController.java:[286,70] cannot find symbol
  symbol:   method getShiftId()
  location: variable shift of type com.example.SelfOrderingRestaurant.Dto.Response.ShiftResponseDTO.ShiftResponseDTO
[ERROR] /D:/UTC2/SelfOrderingRestaurant/src/main/java/com/example/SelfOrderingRestaurant/Controller/AdminController.java:[298,78] cannot find symbol
  symbol:   method getShiftId()
  location: variable request of type com.example.SelfOrderingRestaurant.Dto.Request.StaffRequestDTO.AssignStaffRequestDTO
[ERROR] /D:/UTC2/SelfOrderingRestaurant/src/main/java/com/example/SelfOrderingRestaurant/Controller/AdminController.java:[298,100] cannot find symbol
  symbol:   method getStaffId()
  location: variable request of type com.example.SelfOrderingRestaurant.Dto.Request.StaffRequestDTO.AssignStaffRequestDTO
[ERROR] /D:/UTC2/SelfOrderingRestaurant/src/main/java/com/example/SelfOrderingRestaurant/Controller/AdminController.java:[298,122] cannot find symbol
  symbol:   method getDate()
  location: variable request of type com.example.SelfOrderingRestaurant.Dto.Request.StaffRequestDTO.AssignStaffRequestDTO
[ERROR] /D:/UTC2/SelfOrderingRestaurant/src/main/java/com/example/SelfOrderingRestaurant/Controller/AdminController.java:[299,57] cannot find symbol
  symbol:   method getStaffId()
  location: variable request of type com.example.SelfOrderingRestaurant.Dto.Request.StaffRequestDTO.AssignStaffRequestDTO
[ERROR] /D:/UTC2/SelfOrderingRestaurant/src/main/java/com/example/SelfOrderingRestaurant/Controller/AdminController.java:[299,79] cannot find symbol
  symbol:   method getShiftId()
  location: variable request of type com.example.SelfOrderingRestaurant.Dto.Request.StaffRequestDTO.AssignStaffRequestDTO
[ERROR] /D:/UTC2/SelfOrderingRestaurant/src/main/java/com/example/SelfOrderingRestaurant/Controller/AdminController.java:[299,101] cannot find symbol
  symbol:   method getDate()
  location: variable request of type com.example.SelfOrderingRestaurant.Dto.Request.StaffRequestDTO.AssignStaffRequestDTO
[ERROR] /D:/UTC2/SelfOrderingRestaurant/src/main/java/com/example/SelfOrderingRestaurant/Controller/AdminController.java:[385,66] cannot find symbol
  symbol:   method getReportType()
  location: variable exportDTO of type com.example.SelfOrderingRestaurant.Dto.Request.RevenueRequestDTO.RevenueExportDTO
[ERROR] /D:/UTC2/SelfOrderingRestaurant/src/main/java/com/example/SelfOrderingRestaurant/Controller/AdminController.java:[389,49] cannot find symbol
  symbol:   method getExportFormat()
  location: variable exportDTO of type com.example.SelfOrderingRestaurant.Dto.Request.RevenueRequestDTO.RevenueExportDTO
[ERROR] /D:/UTC2/SelfOrderingRestaurant/src/main/java/com/example/SelfOrderingRestaurant/Controller/AdminController.java:[393,60] cannot find symbol
  symbol:   method getReportType()
  location: variable exportDTO of type com.example.SelfOrderingRestaurant.Dto.Request.RevenueRequestDTO.RevenueExportDTO
[ERROR] /D:/UTC2/SelfOrderingRestaurant/src/main/java/com/example/SelfOrderingRestaurant/Controller/AdminController.java:[399,49] cannot find symbol
  symbol:   method getExportFormat()
  location: variable exportDTO of type com.example.SelfOrderingRestaurant.Dto.Request.RevenueRequestDTO.RevenueExportDTO
[ERROR] /D:/UTC2/SelfOrderingRestaurant/src/main/java/com/example/SelfOrderingRestaurant/Controller/AdminController.java:[401,58] cannot find symbol
  symbol:   method getExportFormat()
  location: variable exportDTO of type com.example.SelfOrderingRestaurant.Dto.Request.RevenueRequestDTO.RevenueExportDTO
[ERROR] /D:/UTC2/SelfOrderingRestaurant/src/main/java/com/example/SelfOrderingRestaurant/Service/StaffService.java:[57,30] cannot find symbol
  symbol:   method getTotalWorkingHours()
  location: variable staff of type com.example.SelfOrderingRestaurant.Entity.Staff
[ERROR] /D:/UTC2/SelfOrderingRestaurant/src/main/java/com/example/SelfOrderingRestaurant/Service/StaffService.java:[56,30] cannot find symbol
  symbol:   method getSalary()
  location: variable staff of type com.example.SelfOrderingRestaurant.Entity.Staff
[ERROR] /D:/UTC2/SelfOrderingRestaurant/src/main/java/com/example/SelfOrderingRestaurant/Service/StaffService.java:[55,30] cannot find symbol
  symbol:   method getUser()
  location: variable staff of type com.example.SelfOrderingRestaurant.Entity.Staff
[ERROR] /D:/UTC2/SelfOrderingRestaurant/src/main/java/com/example/SelfOrderingRestaurant/Service/StaffService.java:[54,30] cannot find symbol
  symbol:   method getUser()
  location: variable staff of type com.example.SelfOrderingRestaurant.Entity.Staff
[ERROR] /D:/UTC2/SelfOrderingRestaurant/src/main/java/com/example/SelfOrderingRestaurant/Service/StaffService.java:[53,30] cannot find symbol
  symbol:   method getPosition()
  location: variable staff of type com.example.SelfOrderingRestaurant.Entity.Staff
[ERROR] /D:/UTC2/SelfOrderingRestaurant/src/main/java/com/example/SelfOrderingRestaurant/Service/StaffService.java:[52,30] cannot find symbol
  symbol:   method getStatus()
  location: variable staff of type com.example.SelfOrderingRestaurant.Entity.Staff
[INFO] 100 errors 
[INFO] -------------------------------------------------------------
[INFO] ------------------------------------------------------------------------
[INFO] BUILD FAILURE
[INFO] ------------------------------------------------------------------------
[INFO] Total time:  10.065 s
[INFO] Finished at: 2026-06-04T22:20:33+07:00
[INFO] ------------------------------------------------------------------------
[ERROR] Failed to execute goal org.apache.maven.plugins:maven-compiler-plugin:3.13.0:compile (default-compile) on project SelfOrderingRestaurant: Compilation failure: Compilation failure: 
[ERROR] /D:/UTC2/SelfOrderingRestaurant/src/main/java/com/example/SelfOrderingRestaurant/Controller/AdminController.java:[18,71] cannot find symbol
[ERROR]   symbol:   class AuthResponseDto
[ERROR]   location: class com.example.SelfOrderingRestaurant.Dto.Response.UserResponseDTO
[ERROR] /D:/UTC2/SelfOrderingRestaurant/src/main/java/com/example/SelfOrderingRestaurant/Dto/Response/UserResponseDTO.java:[17,8] class com.example.SelfOrderingRestaurant.Dto.Response.UserResponseDTO clashes with package of same name
[ERROR] /D:/UTC2/SelfOrderingRestaurant/src/main/java/com/example/SelfOrderingRestaurant/Service/AuthService.java:[5,71] cannot find symbol
[ERROR]   symbol:   class AuthResponseDto
[ERROR]   location: class com.example.SelfOrderingRestaurant.Dto.Response.UserResponseDTO
[ERROR] /D:/UTC2/SelfOrderingRestaurant/src/main/java/com/example/SelfOrderingRestaurant/Service/AuthService.java:[59,12] cannot find symbol
[ERROR]   symbol:   class AuthResponseDto
[ERROR]   location: class com.example.SelfOrderingRestaurant.Service.AuthService
[ERROR] /D:/UTC2/SelfOrderingRestaurant/src/main/java/com/example/SelfOrderingRestaurant/Service/AuthService.java:[131,12] cannot find symbol
[ERROR]   symbol:   class AuthResponseDto
[ERROR]   location: class com.example.SelfOrderingRestaurant.Service.AuthService
[ERROR] /D:/UTC2/SelfOrderingRestaurant/src/main/java/com/example/SelfOrderingRestaurant/Service/AuthService.java:[205,12] cannot find symbol
[ERROR]   symbol:   class AuthResponseDto
[ERROR]   location: class com.example.SelfOrderingRestaurant.Service.AuthService
[ERROR] /D:/UTC2/SelfOrderingRestaurant/src/main/java/com/example/SelfOrderingRestaurant/Service/AuthService.java:[264,12] cannot find symbol
[ERROR]   symbol:   class AuthResponseDto
[ERROR]   location: class com.example.SelfOrderingRestaurant.Service.AuthService
[ERROR] /D:/UTC2/SelfOrderingRestaurant/src/main/java/com/example/SelfOrderingRestaurant/Service/AuthService.java:[313,12] cannot find symbol
[ERROR]   symbol:   class AuthResponseDto
[ERROR]   location: class com.example.SelfOrderingRestaurant.Service.AuthService
[ERROR] /D:/UTC2/SelfOrderingRestaurant/src/main/java/com/example/SelfOrderingRestaurant/Service/AuthService.java:[394,12] cannot find symbol
[ERROR]   symbol:   class AuthResponseDto
[ERROR]   location: class com.example.SelfOrderingRestaurant.Service.AuthService
[ERROR] /D:/UTC2/SelfOrderingRestaurant/src/main/java/com/example/SelfOrderingRestaurant/Controller/AuthController.java:[5,71] cannot find symbol
[ERROR]   symbol:   class AuthResponseDto
[ERROR]   location: class com.example.SelfOrderingRestaurant.Dto.Response.UserResponseDTO
[ERROR] /D:/UTC2/SelfOrderingRestaurant/src/main/java/com/example/SelfOrderingRestaurant/Controller/AuthController.java:[24,27] cannot find symbol
[ERROR]   symbol:   class AuthResponseDto
[ERROR]   location: class com.example.SelfOrderingRestaurant.Controller.AuthController
[ERROR] /D:/UTC2/SelfOrderingRestaurant/src/main/java/com/example/SelfOrderingRestaurant/Controller/AuthController.java:[31,27] cannot find symbol
[ERROR]   symbol:   class AuthResponseDto
[ERROR]   location: class com.example.SelfOrderingRestaurant.Controller.AuthController
[ERROR] /D:/UTC2/SelfOrderingRestaurant/src/main/java/com/example/SelfOrderingRestaurant/Controller/AuthController.java:[46,27] cannot find symbol
[ERROR]   symbol:   class AuthResponseDto
[ERROR]   location: class com.example.SelfOrderingRestaurant.Controller.AuthController
[ERROR] /D:/UTC2/SelfOrderingRestaurant/src/main/java/com/example/SelfOrderingRestaurant/Controller/AuthController.java:[53,27] cannot find symbol
[ERROR]   symbol:   class AuthResponseDto
[ERROR]   location: class com.example.SelfOrderingRestaurant.Controller.AuthController
[ERROR] /D:/UTC2/SelfOrderingRestaurant/src/main/java/com/example/SelfOrderingRestaurant/Controller/AuthController.java:[70,27] cannot find symbol
[ERROR]   symbol:   class AuthResponseDto
[ERROR]   location: class com.example.SelfOrderingRestaurant.Controller.AuthController
[ERROR] /D:/UTC2/SelfOrderingRestaurant/src/main/java/com/example/SelfOrderingRestaurant/Dto/Response/UserResponseDTO/AuthResponseDto.java:[1,1] package com.example.SelfOrderingRestaurant.Dto.Response.UserResponseDTO clashes with class of same name
[ERROR] /D:/UTC2/SelfOrderingRestaurant/src/main/java/com/example/SelfOrderingRestaurant/Config/DatabaseSeeder.java:[49,22] cannot find symbol
[ERROR]   symbol:   method setTableNumber(int)
[ERROR]   location: variable table of type com.example.SelfOrderingRestaurant.Entity.DinningTable
[ERROR] /D:/UTC2/SelfOrderingRestaurant/src/main/java/com/example/SelfOrderingRestaurant/Config/DatabaseSeeder.java:[50,22] cannot find symbol
[ERROR]   symbol:   method setCapacity(int)
[ERROR]   location: variable table of type com.example.SelfOrderingRestaurant.Entity.DinningTable
[ERROR] /D:/UTC2/SelfOrderingRestaurant/src/main/java/com/example/SelfOrderingRestaurant/Config/DatabaseSeeder.java:[51,22] cannot find symbol
[ERROR]   symbol:   method setLocation(java.lang.String)
[ERROR]   location: variable table of type com.example.SelfOrderingRestaurant.Entity.DinningTable
[ERROR] /D:/UTC2/SelfOrderingRestaurant/src/main/java/com/example/SelfOrderingRestaurant/Config/DatabaseSeeder.java:[52,22] cannot find symbol
[ERROR]   symbol:   method setTableStatus(com.example.SelfOrderingRestaurant.Enum.TableStatus)
[ERROR]   location: variable table of type com.example.SelfOrderingRestaurant.Entity.DinningTable
[ERROR] /D:/UTC2/SelfOrderingRestaurant/src/main/java/com/example/SelfOrderingRestaurant/Config/DatabaseSeeder.java:[62,23] cannot find symbol
[ERROR]   symbol:   method setName(java.lang.String)
[ERROR]   location: variable mainCourse of type com.example.SelfOrderingRestaurant.Entity.Category
[ERROR] /D:/UTC2/SelfOrderingRestaurant/src/main/java/com/example/SelfOrderingRestaurant/Config/DatabaseSeeder.java:[63,23] cannot find symbol
[ERROR]   symbol:   method setDescription(java.lang.String)
[ERROR]   location: variable mainCourse of type com.example.SelfOrderingRestaurant.Entity.Category
[ERROR] /D:/UTC2/SelfOrderingRestaurant/src/main/java/com/example/SelfOrderingRestaurant/Config/DatabaseSeeder.java:[64,23] cannot find symbol
[ERROR]   symbol:   method setStatus(com.example.SelfOrderingRestaurant.Enum.CategoryStatus)
[ERROR]   location: variable mainCourse of type com.example.SelfOrderingRestaurant.Entity.Category
[ERROR] /D:/UTC2/SelfOrderingRestaurant/src/main/java/com/example/SelfOrderingRestaurant/Config/DatabaseSeeder.java:[68,18] cannot find symbol
[ERROR]   symbol:   method setName(java.lang.String)
[ERROR]   location: variable drink of type com.example.SelfOrderingRestaurant.Entity.Category
[ERROR] /D:/UTC2/SelfOrderingRestaurant/src/main/java/com/example/SelfOrderingRestaurant/Config/DatabaseSeeder.java:[69,18] cannot find symbol
[ERROR]   symbol:   method setDescription(java.lang.String)
[ERROR]   location: variable drink of type com.example.SelfOrderingRestaurant.Entity.Category
[ERROR] /D:/UTC2/SelfOrderingRestaurant/src/main/java/com/example/SelfOrderingRestaurant/Config/DatabaseSeeder.java:[70,18] cannot find symbol
[ERROR]   symbol:   method setStatus(com.example.SelfOrderingRestaurant.Enum.CategoryStatus)
[ERROR]   location: variable drink of type com.example.SelfOrderingRestaurant.Entity.Category
[ERROR] /D:/UTC2/SelfOrderingRestaurant/src/main/java/com/example/SelfOrderingRestaurant/Config/DatabaseSeeder.java:[74,18] cannot find symbol
[ERROR]   symbol:   method setName(java.lang.String)
[ERROR]   location: variable dish1 of type com.example.SelfOrderingRestaurant.Entity.Dish
[ERROR] /D:/UTC2/SelfOrderingRestaurant/src/main/java/com/example/SelfOrderingRestaurant/Config/DatabaseSeeder.java:[75,18] cannot find symbol
[ERROR]   symbol:   method setPrice(java.math.BigDecimal)
[ERROR]   location: variable dish1 of type com.example.SelfOrderingRestaurant.Entity.Dish
[ERROR] /D:/UTC2/SelfOrderingRestaurant/src/main/java/com/example/SelfOrderingRestaurant/Config/DatabaseSeeder.java:[76,18] cannot find symbol
[ERROR]   symbol:   method setCategory(com.example.SelfOrderingRestaurant.Entity.Category)
[ERROR]   location: variable dish1 of type com.example.SelfOrderingRestaurant.Entity.Dish
[ERROR] /D:/UTC2/SelfOrderingRestaurant/src/main/java/com/example/SelfOrderingRestaurant/Config/DatabaseSeeder.java:[77,18] cannot find symbol
[ERROR]   symbol:   method setStatus(com.example.SelfOrderingRestaurant.Enum.DishStatus)
[ERROR]   location: variable dish1 of type com.example.SelfOrderingRestaurant.Entity.Dish
[ERROR] /D:/UTC2/SelfOrderingRestaurant/src/main/java/com/example/SelfOrderingRestaurant/Config/DatabaseSeeder.java:[78,18] cannot find symbol
[ERROR]   symbol:   method setDescription(java.lang.String)
[ERROR]   location: variable dish1 of type com.example.SelfOrderingRestaurant.Entity.Dish
[ERROR] /D:/UTC2/SelfOrderingRestaurant/src/main/java/com/example/SelfOrderingRestaurant/Config/DatabaseSeeder.java:[82,18] cannot find symbol
[ERROR]   symbol:   method setName(java.lang.String)
[ERROR]   location: variable dish2 of type com.example.SelfOrderingRestaurant.Entity.Dish
[ERROR] /D:/UTC2/SelfOrderingRestaurant/src/main/java/com/example/SelfOrderingRestaurant/Config/DatabaseSeeder.java:[83,18] cannot find symbol
[ERROR]   symbol:   method setPrice(java.math.BigDecimal)
[ERROR]   location: variable dish2 of type com.example.SelfOrderingRestaurant.Entity.Dish
[ERROR] /D:/UTC2/SelfOrderingRestaurant/src/main/java/com/example/SelfOrderingRestaurant/Config/DatabaseSeeder.java:[84,18] cannot find symbol
[ERROR]   symbol:   method setCategory(com.example.SelfOrderingRestaurant.Entity.Category)
[ERROR]   location: variable dish2 of type com.example.SelfOrderingRestaurant.Entity.Dish
[ERROR] /D:/UTC2/SelfOrderingRestaurant/src/main/java/com/example/SelfOrderingRestaurant/Config/DatabaseSeeder.java:[85,18] cannot find symbol
[ERROR]   symbol:   method setStatus(com.example.SelfOrderingRestaurant.Enum.DishStatus)
[ERROR]   location: variable dish2 of type com.example.SelfOrderingRestaurant.Entity.Dish
[ERROR] /D:/UTC2/SelfOrderingRestaurant/src/main/java/com/example/SelfOrderingRestaurant/Config/DatabaseSeeder.java:[86,18] cannot find symbol
[ERROR]   symbol:   method setDescription(java.lang.String)
[ERROR]   location: variable dish2 of type com.example.SelfOrderingRestaurant.Entity.Dish
[ERROR] /D:/UTC2/SelfOrderingRestaurant/src/main/java/com/example/SelfOrderingRestaurant/Config/DatabaseSeeder.java:[96,22] cannot find symbol
[ERROR]   symbol:   method setName(java.lang.String)
[ERROR]   location: variable supplier1 of type com.example.SelfOrderingRestaurant.Entity.Supplier
[ERROR] /D:/UTC2/SelfOrderingRestaurant/src/main/java/com/example/SelfOrderingRestaurant/Config/DatabaseSeeder.java:[97,22] cannot find symbol
[ERROR]   symbol:   method setPhone(java.lang.String)
[ERROR]   location: variable supplier1 of type com.example.SelfOrderingRestaurant.Entity.Supplier
[ERROR] /D:/UTC2/SelfOrderingRestaurant/src/main/java/com/example/SelfOrderingRestaurant/Config/DatabaseSeeder.java:[98,22] cannot find symbol
[ERROR]   symbol:   method setEmail(java.lang.String)
[ERROR]   location: variable supplier1 of type com.example.SelfOrderingRestaurant.Entity.Supplier
[ERROR] /D:/UTC2/SelfOrderingRestaurant/src/main/java/com/example/SelfOrderingRestaurant/Config/DatabaseSeeder.java:[99,22] cannot find symbol
[ERROR]   symbol:   method setAddress(java.lang.String)
[ERROR]   location: variable supplier1 of type com.example.SelfOrderingRestaurant.Entity.Supplier
[ERROR] /D:/UTC2/SelfOrderingRestaurant/src/main/java/com/example/SelfOrderingRestaurant/Config/DatabaseSeeder.java:[103,17] cannot find symbol
[ERROR]   symbol:   method setName(java.lang.String)
[ERROR]   location: variable ing1 of type com.example.SelfOrderingRestaurant.Entity.Ingredient
[ERROR] /D:/UTC2/SelfOrderingRestaurant/src/main/java/com/example/SelfOrderingRestaurant/Config/DatabaseSeeder.java:[104,17] cannot find symbol
[ERROR]   symbol:   method setUnit(java.lang.String)
[ERROR]   location: variable ing1 of type com.example.SelfOrderingRestaurant.Entity.Ingredient
[ERROR] /D:/UTC2/SelfOrderingRestaurant/src/main/java/com/example/SelfOrderingRestaurant/Config/DatabaseSeeder.java:[105,17] cannot find symbol
[ERROR]   symbol:   method setSupplier(com.example.SelfOrderingRestaurant.Entity.Supplier)
[ERROR]   location: variable ing1 of type com.example.SelfOrderingRestaurant.Entity.Ingredient
[ERROR] /D:/UTC2/SelfOrderingRestaurant/src/main/java/com/example/SelfOrderingRestaurant/Config/DatabaseSeeder.java:[106,17] cannot find symbol
[ERROR]   symbol:   method setStatus(com.example.SelfOrderingRestaurant.Enum.IngredientStatus)
[ERROR]   location: variable ing1 of type com.example.SelfOrderingRestaurant.Entity.Ingredient
[ERROR] /D:/UTC2/SelfOrderingRestaurant/src/main/java/com/example/SelfOrderingRestaurant/Config/DatabaseSeeder.java:[107,17] cannot find symbol
[ERROR]   symbol:   method setCostPerUnit(java.math.BigDecimal)
[ERROR]   location: variable ing1 of type com.example.SelfOrderingRestaurant.Entity.Ingredient
[ERROR] /D:/UTC2/SelfOrderingRestaurant/src/main/java/com/example/SelfOrderingRestaurant/Config/DatabaseSeeder.java:[111,17] cannot find symbol
[ERROR]   symbol:   method setIngredient(com.example.SelfOrderingRestaurant.Entity.Ingredient)
[ERROR]   location: variable inv1 of type com.example.SelfOrderingRestaurant.Entity.Inventory
[ERROR] /D:/UTC2/SelfOrderingRestaurant/src/main/java/com/example/SelfOrderingRestaurant/Config/DatabaseSeeder.java:[112,17] cannot find symbol
[ERROR]   symbol:   method setQuantity(double)
[ERROR]   location: variable inv1 of type com.example.SelfOrderingRestaurant.Entity.Inventory
[ERROR] /D:/UTC2/SelfOrderingRestaurant/src/main/java/com/example/SelfOrderingRestaurant/Config/DatabaseSeeder.java:[113,17] cannot find symbol
[ERROR]   symbol:   method setUnit(java.lang.String)
[ERROR]   location: variable inv1 of type com.example.SelfOrderingRestaurant.Entity.Inventory
[ERROR] /D:/UTC2/SelfOrderingRestaurant/src/main/java/com/example/SelfOrderingRestaurant/Config/DatabaseSeeder.java:[114,17] cannot find symbol
[ERROR]   symbol:   method setLastUpdated(java.util.Date)
[ERROR]   location: variable inv1 of type com.example.SelfOrderingRestaurant.Entity.Inventory
[ERROR] /D:/UTC2/SelfOrderingRestaurant/src/main/java/com/example/SelfOrderingRestaurant/Config/SecurityConfig.java:[129,16] constructor CustomUserDetailsService in class com.example.SelfOrderingRestaurant.Security.CustomUserDetailsService cannot be applied to given types;
[ERROR]   required: no arguments
[ERROR]   found:    com.example.SelfOrderingRestaurant.Repository.UserRepository
[ERROR]   reason: actual and formal argument lists differ in length
[ERROR] /D:/UTC2/SelfOrderingRestaurant/src/main/java/com/example/SelfOrderingRestaurant/Service/JwtTokenService.java:[33,34] cannot find symbol
[ERROR]   symbol:   method getUserId()
[ERROR]   location: variable user of type com.example.SelfOrderingRestaurant.Entity.User
[ERROR] /D:/UTC2/SelfOrderingRestaurant/src/main/java/com/example/SelfOrderingRestaurant/Service/JwtTokenService.java:[34,36] cannot find symbol
[ERROR]   symbol:   method getUsername()
[ERROR]   location: variable user of type com.example.SelfOrderingRestaurant.Entity.User
[ERROR] /D:/UTC2/SelfOrderingRestaurant/src/main/java/com/example/SelfOrderingRestaurant/Service/JwtTokenService.java:[35,33] cannot find symbol
[ERROR]   symbol:   method getEmail()
[ERROR]   location: variable user of type com.example.SelfOrderingRestaurant.Entity.User
[ERROR] /D:/UTC2/SelfOrderingRestaurant/src/main/java/com/example/SelfOrderingRestaurant/Service/JwtTokenService.java:[36,36] cannot find symbol
[ERROR]   symbol:   method getUserType()
[ERROR]   location: variable user of type com.example.SelfOrderingRestaurant.Entity.User
[ERROR] /D:/UTC2/SelfOrderingRestaurant/src/main/java/com/example/SelfOrderingRestaurant/Service/JwtTokenService.java:[37,51] cannot find symbol
[ERROR]   symbol:   method getUserType()
[ERROR]   location: variable user of type com.example.SelfOrderingRestaurant.Entity.User
[ERROR] /D:/UTC2/SelfOrderingRestaurant/src/main/java/com/example/SelfOrderingRestaurant/Service/JwtTokenService.java:[39,78] cannot find symbol
[ERROR]   symbol:   method getUserType()
[ERROR]   location: variable user of type com.example.SelfOrderingRestaurant.Entity.User
[ERROR] /D:/UTC2/SelfOrderingRestaurant/src/main/java/com/example/SelfOrderingRestaurant/Service/JwtTokenService.java:[41,40] cannot find symbol
[ERROR]   symbol:   method getUsername()
[ERROR]   location: variable user of type com.example.SelfOrderingRestaurant.Entity.User
[ERROR] /D:/UTC2/SelfOrderingRestaurant/src/main/java/com/example/SelfOrderingRestaurant/Service/JwtTokenService.java:[48,34] cannot find symbol
[ERROR]   symbol:   method getUserId()
[ERROR]   location: variable user of type com.example.SelfOrderingRestaurant.Entity.User
[ERROR] /D:/UTC2/SelfOrderingRestaurant/src/main/java/com/example/SelfOrderingRestaurant/Service/JwtTokenService.java:[49,36] cannot find symbol
[ERROR]   symbol:   method getUsername()
[ERROR]   location: variable user of type com.example.SelfOrderingRestaurant.Entity.User
[ERROR] /D:/UTC2/SelfOrderingRestaurant/src/main/java/com/example/SelfOrderingRestaurant/Service/JwtTokenService.java:[51,40] cannot find symbol
[ERROR]   symbol:   method getUsername()
[ERROR]   location: variable user of type com.example.SelfOrderingRestaurant.Entity.User
[ERROR] /D:/UTC2/SelfOrderingRestaurant/src/main/java/com/example/SelfOrderingRestaurant/Service/JwtTokenService.java:[105,37] cannot find symbol
[ERROR]   symbol:   method getUsername()
[ERROR]   location: variable user of type com.example.SelfOrderingRestaurant.Entity.User
[ERROR] /D:/UTC2/SelfOrderingRestaurant/src/main/java/com/example/SelfOrderingRestaurant/Service/JwtTokenService.java:[111,37] cannot find symbol
[ERROR]   symbol:   method getUsername()
[ERROR]   location: variable user of type com.example.SelfOrderingRestaurant.Entity.User
[ERROR] /D:/UTC2/SelfOrderingRestaurant/src/main/java/com/example/SelfOrderingRestaurant/Security/CustomUserDetailsService.java:[29,17] cannot find symbol
[ERROR]   symbol:   method getUserStatus()
[ERROR]   location: variable user of type com.example.SelfOrderingRestaurant.Entity.User
[ERROR] /D:/UTC2/SelfOrderingRestaurant/src/main/java/com/example/SelfOrderingRestaurant/Security/CustomUserDetailsService.java:[34,21] cannot find symbol
[ERROR]   symbol:   method getUsername()
[ERROR]   location: variable user of type com.example.SelfOrderingRestaurant.Entity.User
[ERROR] /D:/UTC2/SelfOrderingRestaurant/src/main/java/com/example/SelfOrderingRestaurant/Security/CustomUserDetailsService.java:[35,21] cannot find symbol
[ERROR]   symbol:   method getPassword()
[ERROR]   location: variable user of type com.example.SelfOrderingRestaurant.Entity.User
[ERROR] /D:/UTC2/SelfOrderingRestaurant/src/main/java/com/example/SelfOrderingRestaurant/Controller/AdminController.java:[73,70] cannot find symbol
[ERROR]   symbol:   method getTableNumber()
[ERROR]   location: variable request of type @jakarta.validation.Valid com.example.SelfOrderingRestaurant.Dto.Request.DinningTableRequestDTO.CreateTableRequestDTO
[ERROR] /D:/UTC2/SelfOrderingRestaurant/src/main/java/com/example/SelfOrderingRestaurant/Controller/AdminController.java:[111,78] cannot find symbol
[ERROR]   symbol:   method getStatus()
[ERROR]   location: variable dinningTableRequestDTO of type com.example.SelfOrderingRestaurant.Dto.Request.DinningTableRequestDTO.DinningTableRequestDTO
[ERROR] /D:/UTC2/SelfOrderingRestaurant/src/main/java/com/example/SelfOrderingRestaurant/Controller/AdminController.java:[121,61] cannot find symbol
[ERROR]   symbol:   method getUsername()
[ERROR]   location: variable request of type com.example.SelfOrderingRestaurant.Dto.Request.UserRequestDTO.RegisterRequestDto
[ERROR] /D:/UTC2/SelfOrderingRestaurant/src/main/java/com/example/SelfOrderingRestaurant/Controller/AdminController.java:[122,13] cannot find symbol
[ERROR]   symbol:   class AuthResponseDto
[ERROR]   location: class com.example.SelfOrderingRestaurant.Controller.AdminController
[ERROR] /D:/UTC2/SelfOrderingRestaurant/src/main/java/com/example/SelfOrderingRestaurant/Controller/AdminController.java:[151,34] cannot find symbol
[ERROR]   symbol:   method getTotalWorkingHours()
[ERROR]   location: variable staff of type com.example.SelfOrderingRestaurant.Entity.Staff
[ERROR] /D:/UTC2/SelfOrderingRestaurant/src/main/java/com/example/SelfOrderingRestaurant/Controller/AdminController.java:[150,34] cannot find symbol
[ERROR]   symbol:   method getSalary()
[ERROR]   location: variable staff of type com.example.SelfOrderingRestaurant.Entity.Staff
[ERROR] /D:/UTC2/SelfOrderingRestaurant/src/main/java/com/example/SelfOrderingRestaurant/Controller/AdminController.java:[149,34] cannot find symbol
[ERROR]   symbol:   method getUser()
[ERROR]   location: variable staff of type com.example.SelfOrderingRestaurant.Entity.Staff
[ERROR] /D:/UTC2/SelfOrderingRestaurant/src/main/java/com/example/SelfOrderingRestaurant/Controller/AdminController.java:[148,34] cannot find symbol
[ERROR]   symbol:   method getUser()
[ERROR]   location: variable staff of type com.example.SelfOrderingRestaurant.Entity.Staff
[ERROR] /D:/UTC2/SelfOrderingRestaurant/src/main/java/com/example/SelfOrderingRestaurant/Controller/AdminController.java:[147,34] cannot find symbol
[ERROR]   symbol:   method getPosition()
[ERROR]   location: variable staff of type com.example.SelfOrderingRestaurant.Entity.Staff
[ERROR] /D:/UTC2/SelfOrderingRestaurant/src/main/java/com/example/SelfOrderingRestaurant/Controller/AdminController.java:[146,34] cannot find symbol
[ERROR]   symbol:   method getStatus()
[ERROR]   location: variable staff of type com.example.SelfOrderingRestaurant.Entity.Staff
[ERROR] /D:/UTC2/SelfOrderingRestaurant/src/main/java/com/example/SelfOrderingRestaurant/Controller/AdminController.java:[145,34] cannot find symbol
[ERROR]   symbol:   method getPosition()
[ERROR]   location: variable staff of type com.example.SelfOrderingRestaurant.Entity.Staff
[ERROR] /D:/UTC2/SelfOrderingRestaurant/src/main/java/com/example/SelfOrderingRestaurant/Controller/AdminController.java:[144,34] cannot find symbol
[ERROR]   symbol:   method getFullname()
[ERROR]   location: variable staff of type com.example.SelfOrderingRestaurant.Entity.Staff
[ERROR] /D:/UTC2/SelfOrderingRestaurant/src/main/java/com/example/SelfOrderingRestaurant/Controller/AdminController.java:[143,34] cannot find symbol
[ERROR]   symbol:   method getStaffId()
[ERROR]   location: variable staff of type com.example.SelfOrderingRestaurant.Entity.Staff
[ERROR] /D:/UTC2/SelfOrderingRestaurant/src/main/java/com/example/SelfOrderingRestaurant/Controller/AdminController.java:[153,29] incompatible types: inference variable T has incompatible bounds
[ERROR]     equality constraints: com.example.SelfOrderingRestaurant.Dto.Response.StaffResponseDTO.GetAllStaffResponseDTO
[ERROR]     lower bounds: java.lang.Object
[ERROR] /D:/UTC2/SelfOrderingRestaurant/src/main/java/com/example/SelfOrderingRestaurant/Controller/AdminController.java:[241,66] cannot find symbol
[ERROR]   symbol:   method getName()
[ERROR]   location: variable shiftRequestDTO of type com.example.SelfOrderingRestaurant.Dto.Request.ShiftRequestDTO.ShiftRequestDTO
[ERROR] /D:/UTC2/SelfOrderingRestaurant/src/main/java/com/example/SelfOrderingRestaurant/Controller/AdminController.java:[283,50] cannot find symbol
[ERROR]   symbol:   method getShift()
[ERROR]   location: variable staffShift of type com.example.SelfOrderingRestaurant.Entity.StaffShift
[ERROR] /D:/UTC2/SelfOrderingRestaurant/src/main/java/com/example/SelfOrderingRestaurant/Controller/AdminController.java:[284,29] incompatible types: inference variable T has incompatible bounds
[ERROR]     equality constraints: java.lang.Integer
[ERROR]     lower bounds: java.lang.Object
[ERROR] /D:/UTC2/SelfOrderingRestaurant/src/main/java/com/example/SelfOrderingRestaurant/Controller/AdminController.java:[286,70] cannot find symbol
[ERROR]   symbol:   method getShiftId()
[ERROR]   location: variable shift of type com.example.SelfOrderingRestaurant.Dto.Response.ShiftResponseDTO.ShiftResponseDTO
[ERROR] /D:/UTC2/SelfOrderingRestaurant/src/main/java/com/example/SelfOrderingRestaurant/Controller/AdminController.java:[298,78] cannot find symbol
[ERROR]   symbol:   method getShiftId()
[ERROR]   location: variable request of type com.example.SelfOrderingRestaurant.Dto.Request.StaffRequestDTO.AssignStaffRequestDTO
[ERROR] /D:/UTC2/SelfOrderingRestaurant/src/main/java/com/example/SelfOrderingRestaurant/Controller/AdminController.java:[298,100] cannot find symbol
[ERROR]   symbol:   method getStaffId()
[ERROR]   location: variable request of type com.example.SelfOrderingRestaurant.Dto.Request.StaffRequestDTO.AssignStaffRequestDTO
[ERROR] /D:/UTC2/SelfOrderingRestaurant/src/main/java/com/example/SelfOrderingRestaurant/Controller/AdminController.java:[298,122] cannot find symbol
[ERROR]   symbol:   method getDate()
[ERROR]   location: variable request of type com.example.SelfOrderingRestaurant.Dto.Request.StaffRequestDTO.AssignStaffRequestDTO
[ERROR] /D:/UTC2/SelfOrderingRestaurant/src/main/java/com/example/SelfOrderingRestaurant/Controller/AdminController.java:[299,57] cannot find symbol
[ERROR]   symbol:   method getStaffId()
[ERROR]   location: variable request of type com.example.SelfOrderingRestaurant.Dto.Request.StaffRequestDTO.AssignStaffRequestDTO
[ERROR] /D:/UTC2/SelfOrderingRestaurant/src/main/java/com/example/SelfOrderingRestaurant/Controller/AdminController.java:[299,79] cannot find symbol
[ERROR]   symbol:   method getShiftId()
[ERROR]   location: variable request of type com.example.SelfOrderingRestaurant.Dto.Request.StaffRequestDTO.AssignStaffRequestDTO
[ERROR] /D:/UTC2/SelfOrderingRestaurant/src/main/java/com/example/SelfOrderingRestaurant/Controller/AdminController.java:[299,101] cannot find symbol
[ERROR]   symbol:   method getDate()
[ERROR]   location: variable request of type com.example.SelfOrderingRestaurant.Dto.Request.StaffRequestDTO.AssignStaffRequestDTO
[ERROR] /D:/UTC2/SelfOrderingRestaurant/src/main/java/com/example/SelfOrderingRestaurant/Controller/AdminController.java:[385,66] cannot find symbol
[ERROR]   symbol:   method getReportType()
[ERROR]   location: variable exportDTO of type com.example.SelfOrderingRestaurant.Dto.Request.RevenueRequestDTO.RevenueExportDTO
[ERROR] /D:/UTC2/SelfOrderingRestaurant/src/main/java/com/example/SelfOrderingRestaurant/Controller/AdminController.java:[389,49] cannot find symbol
[ERROR]   symbol:   method getExportFormat()
[ERROR]   location: variable exportDTO of type com.example.SelfOrderingRestaurant.Dto.Request.RevenueRequestDTO.RevenueExportDTO
[ERROR] /D:/UTC2/SelfOrderingRestaurant/src/main/java/com/example/SelfOrderingRestaurant/Controller/AdminController.java:[393,60] cannot find symbol
[ERROR]   symbol:   method getReportType()
[ERROR]   location: variable exportDTO of type com.example.SelfOrderingRestaurant.Dto.Request.RevenueRequestDTO.RevenueExportDTO
[ERROR] /D:/UTC2/SelfOrderingRestaurant/src/main/java/com/example/SelfOrderingRestaurant/Controller/AdminController.java:[399,49] cannot find symbol
[ERROR]   symbol:   method getExportFormat()
[ERROR]   location: variable exportDTO of type com.example.SelfOrderingRestaurant.Dto.Request.RevenueRequestDTO.RevenueExportDTO
[ERROR] /D:/UTC2/SelfOrderingRestaurant/src/main/java/com/example/SelfOrderingRestaurant/Controller/AdminController.java:[401,58] cannot find symbol
[ERROR]   symbol:   method getExportFormat()
[ERROR]   location: variable exportDTO of type com.example.SelfOrderingRestaurant.Dto.Request.RevenueRequestDTO.RevenueExportDTO
[ERROR] /D:/UTC2/SelfOrderingRestaurant/src/main/java/com/example/SelfOrderingRestaurant/Service/StaffService.java:[57,30] cannot find symbol
[ERROR]   symbol:   method getTotalWorkingHours()
[ERROR]   location: variable staff of type com.example.SelfOrderingRestaurant.Entity.Staff
[ERROR] /D:/UTC2/SelfOrderingRestaurant/src/main/java/com/example/SelfOrderingRestaurant/Service/StaffService.java:[56,30] cannot find symbol
[ERROR]   symbol:   method getSalary()
[ERROR]   location: variable staff of type com.example.SelfOrderingRestaurant.Entity.Staff
[ERROR] /D:/UTC2/SelfOrderingRestaurant/src/main/java/com/example/SelfOrderingRestaurant/Service/StaffService.java:[55,30] cannot find symbol
[ERROR]   symbol:   method getUser()
[ERROR]   location: variable staff of type com.example.SelfOrderingRestaurant.Entity.Staff
[ERROR] /D:/UTC2/SelfOrderingRestaurant/src/main/java/com/example/SelfOrderingRestaurant/Service/StaffService.java:[54,30] cannot find symbol
[ERROR]   symbol:   method getUser()
[ERROR]   location: variable staff of type com.example.SelfOrderingRestaurant.Entity.Staff
[ERROR] /D:/UTC2/SelfOrderingRestaurant/src/main/java/com/example/SelfOrderingRestaurant/Service/StaffService.java:[53,30] cannot find symbol
[ERROR]   symbol:   method getPosition()
[ERROR]   location: variable staff of type com.example.SelfOrderingRestaurant.Entity.Staff
[ERROR] /D:/UTC2/SelfOrderingRestaurant/src/main/java/com/example/SelfOrderingRestaurant/Service/StaffService.java:[52,30] cannot find symbol
[ERROR]   symbol:   method getStatus()
[ERROR]   location: variable staff of type com.example.SelfOrderingRestaurant.Entity.Staff
[ERROR] -> [Help 1]
[ERROR] 
[ERROR] To see the full stack trace of the errors, re-run Maven with the -e switch.
[ERROR] Re-run Maven using the -X switch to enable full debug logging.
[ERROR] 
[ERROR] For more information about the errors and possible solutions, please read the following articles:
[ERROR] [Help 1] http://cwiki.apache.org/confluence/display/MAVEN/MojoFailureException
